test/connect.lua:1: module 'qttest' not found:
	no field package.preload['qttest']
	no file './modules/qttest.lua'
	no file '/usr/local/share/lua/5.2/qttest.lua'
	no file '/usr/local/share/lua/5.2/qttest/init.lua'
	no file '/usr/local/lib/lua/5.2/qttest.lua'
	no file '/usr/local/lib/lua/5.2/qttest/init.lua'
	no file '/usr/share/lua/5.2/qttest.lua'
	no file '/usr/share/lua/5.2/qttest/init.lua'
	no file './qttest.lua'
	no file './modules/libqttest.so'
	no file './libqttest.so'
	no file '/usr/local/lib/lua/5.2/qttest.so'
	no file '/usr/lib/x86_64-linux-gnu/lua/5.2/qttest.so'
	no file '/usr/lib/lua/5.2/qttest.so'
	no file '/usr/local/lib/lua/5.2/loadall.so'
	no file './qttest.so'
