Client connected
Server received: 	Hello
Client received: 	Response
